test1
haha

test2
